1.第一次使用需要使用git clone命令下载远程仓库代码
具体步骤：
1.1 新建空文件夹（存放克隆下来的项目），
1.2 右键，Git Bash here ,出现dos窗口
1.3 git init //初始化
1.4 git clone url //url是你要下载代码的远程仓库地址
————————————————

git add .
意思是提交所有文件
此处将文件从工作区提交到暂存区

先git status 一下 看见红色的 然后add到暂存区 再status 发现就变绿了

git commit -m 'xxx'
xxx是本次提交的说明 一定要写

每次修改一定都要先用add加到暂存区 否则就无法commit

工作区就是你肉眼可见的文件那些
暂存区和head都属于版本库 是隐藏文件

工作区--暂存区（stage）--HEAD--远程库
          add                 commit    push

git status告诉你文件有被修改过
modified ：xxx

从现在起，只要本地作了提交，就可以通过命令：
$ git push origin main


如何删除文件
 一般情况下，你通常直接在文件管理器中把没用的文件删了，或者用rm命令删了：
$ rm test.txt

这个时候，Git知道你删除了文件，因此，工作区和版本库就不一致了，git status命令会立刻告诉你哪些文件被删除
$ git status
On branch master
Changes not staged for commit:
  (use "git add/rm <file>..." to update what will be committed)
  (use "git checkout -- <file>..." to discard changes in working directory)

	deleted:    test.txt

no changes added to commit (use "git add" and/or "git commit -a")

现在你有两个选择，一是确实要从版本库中删除该文件，那就用命令git rm删掉，并且git commit：
$ git rm test.txt
rm 'test.txt'

$ git commit -m "remove test.txt"
[master d46f35e] remove test.txt
 1 file changed, 1 deletion(-)
 delete mode 100644 test.txt
现在，文件就从版本库中被删除了。
最后 把远程库里的同步一下
$ git push origin main


分支就相当于平行宇宙 但是结果是可以合并的
创建分支 git branch xx
切换到分支 git checkout xx
这两步骤可以合并到git checkout -b xx
查看所有分支 git branch
删除分支 git branch -d xxx
合并分支的内容到main分支 git merge 分支名

更新代码到分支
先切换到分支
git add ./
git commit -m ""
git push origin 分支名

合并分支到main
先切换到main   git checkout main
然后合并 git checkout 分支名
最后删除分支 git branch -d 分支（删除本地分支）

git删除远程分支
git push origin --delete [branch_name]

git查看分支：
查看本地分支 git branch
查看远程分支 git branch -r
查看本地和远程分支 git branch -a